
> web3-voting-dashboard-design@0.1.0 build
> vite build

[36mvite v6.4.1 [32mbuilding for production...[36m[39m
transforming...
[32mΓ£ô[39m 1899 modules transformed.
node.exe : [31mΓ£ù[39m Build failed in 2.51s
At C:\Program Files\nodejs\npm.ps1:29 char:3
+   & $NODE_EXE $NPM_CLI_JS $args
+   ~~~~~~~~~~~~~~~~~~~~~~~~~~~~~
    + CategoryInfo          : NotSpecified: ([ 
   31mΓ£ù[39m Build failed in 2.51s:String) [  
  ], RemoteException
    + FullyQualifiedErrorId : NativeCommandErro 
   r
 
[31merror during build:
[31mCould not resolve entry module 
"@supabase/supabase-js".[31m
    at getRollupError (file:///C:/Users/shady/De
sktop/Implementation-of-a-Secure-Blockchain-Base
d-E-Voting-System-for-Transparent-Elections-FYP/
node_modules/rollup/dist/es/shared/parseAst.js:4
01:41)
    at error (file:///C:/Users/shady/Desktop/Imp
lementation-of-a-Secure-Blockchain-Based-E-Votin
g-System-for-Transparent-Elections-FYP/node_modu
les/rollup/dist/es/shared/parseAst.js:397:42)
    at ModuleLoader.loadEntryModule (file:///C:/
Users/shady/Desktop/Implementation-of-a-Secure-B
lockchain-Based-E-Voting-System-for-Transparent-
Elections-FYP/node_modules/rollup/dist/es/shared
/node-entry.js:21611:20)
    at async Promise.all (index 0)
    at async Promise.all (index 0)[39m
